exports[`test DroneMenuItem renders 1`] = `
<a
  aria-label={undefined}
  className="grommetux-anchor drone-anchor"
  href={undefined}
  onClick={undefined}
  title="test">
  <div
    className="grommetux-box grommetux-box--direction-row grommetux-box--align-center grommetux-box--pad-vertical-medium grommetux-box--pad-horizontal-medium grommetux-box--pad-between-small drone-menu-item"
    id={undefined}
    onClick={undefined}
    role={undefined}
    style={Object {}}
    tabIndex={undefined}>
    <span
      className="drone-menu-item__label">
      test
    </span>
    <svg
      className="drone-status-circle drone-status-circle--unknown"
      height="12"
      version="1.1"
      viewBox="0 0 14 14"
      width="12">
      <circle
        cx="7"
        cy="7"
        r="6" />
    </svg>
  </div>
</a>
`;
